===== W2 =====
  gross  ×St4  轮=290 格均   +7.2bp t+0.61 | 伪组合  +1.71% MDD 3.51%
  gross  ×St5  轮=290 格均   -0.5bp t-0.04 | 伪组合  -0.19% MDD 3.65%
  gross  ×F99  轮=290 格均  +13.6bp t+0.82 | 伪组合  +3.25% MDD 3.67%
  paired ×St4  轮=290 格均  +13.4bp t+1.13 | 伪组合  +3.24% MDD 2.76%
  paired ×St5  轮=290 格均   +4.2bp t+0.30 | 伪组合  +0.95% MDD 3.33%
  paired ×F99  轮=290 格均  +19.2bp t+1.15 | 伪组合  +4.67% MDD 3.20%
  r7f    ×St4  轮=290 格均   +9.7bp t+0.91 | 伪组合  +2.34% MDD 2.01%
  r7f    ×St5  轮=290 格均   +4.9bp t+0.40 | 伪组合  +1.15% MDD 2.61%
  r7f    ×F99  轮=290 格均  +14.6bp t+1.02 | 伪组合  +3.53% MDD 2.81%
===== HOLD-C =====
  gross  ×St4  轮=291 格均  +12.8bp t+1.24 | 伪组合  +3.12% MDD 1.40%
  gross  ×St5  轮=291 格均  +15.5bp t+1.42 | 伪组合  +3.78% MDD 1.29%
  gross  ×F99  轮=291 格均   +8.3bp t+0.60 | 伪组合  +1.98% MDD 3.08%
  paired ×St4  轮=291 格均  +12.9bp t+1.27 | 伪组合  +3.16% MDD 1.40%
  paired ×St5  轮=291 格均  +15.6bp t+1.45 | 伪组合  +3.83% MDD 1.52%
  paired ×F99  轮=291 格均  +11.2bp t+0.82 | 伪组合  +2.70% MDD 2.64%
  r7f    ×St4  轮=291 格均  +19.8bp t+2.12 | 伪组合  +4.88% MDD 1.31%
  r7f    ×St5  轮=291 格均  +20.1bp t+1.99 | 伪组合  +4.97% MDD 1.67%
  r7f    ×F99  轮=291 格均  +16.7bp t+1.40 | 伪组合  +4.09% MDD 2.34%
===== HOLD-D =====
  gross  ×St4  轮=298 格均   +0.2bp t+0.02 | 伪组合  +0.01% MDD 3.71%
  gross  ×St5  轮=298 格均   +0.5bp t+0.05 | 伪组合  +0.09% MDD 4.11%
  gross  ×F99  轮=298 格均   +9.1bp t+0.79 | 伪组合  +2.25% MDD 3.93%
  paired ×St4  轮=298 格均   +0.6bp t+0.06 | 伪组合  +0.11% MDD 4.51%
  paired ×St5  轮=298 格均   +0.3bp t+0.03 | 伪组合  +0.05% MDD 5.06%
  paired ×F99  轮=298 格均  +11.0bp t+0.98 | 伪组合  +2.74% MDD 4.66%
  r7f    ×St4  轮=298 格均   -8.7bp t-0.87 | 伪组合  -2.16% MDD 4.53%
  r7f    ×St5  轮=298 格均   -9.9bp t-0.91 | 伪组合  -2.47% MDD 4.47%
  r7f    ×F99  轮=298 格均   +1.8bp t+0.15 | 伪组合  +0.41% MDD 4.85%
