窗      链   alpha(bp)/t (基线=池s030均值)  n
W1      v2固3   +15.9/t+1.33  n=256
W1      St4    +12.6/t+0.94  n=256
W1      St5     +8.5/t+0.58  n=256
W1      F30     +8.7/t+0.58  n=256
W1      F99     +6.3/t+0.41  n=256
W2      v2固3    +4.5/t+0.37  n=243
W2      St4     +4.1/t+0.32  n=243
W2      St5     +3.4/t+0.24  n=243
W2      F30     +9.4/t+0.63  n=243
W2      F99     +8.9/t+0.54  n=243
OOS     v2固3    -6.1/t-0.56  n=247
OOS     St4     -3.1/t-0.26  n=247
OOS     St5     -1.9/t-0.15  n=247
OOS     F30     -3.3/t-0.24  n=247
OOS     F99     -2.6/t-0.17  n=247
IS      v2固3   +12.4/t+1.47  n=548
IS      St4     +6.8/t+0.71  n=548
IS      St5    +12.0/t+1.20  n=548
IS      F30     +6.4/t+0.60  n=548
IS      F99     +2.5/t+0.22  n=548
HOLD-A  v2固3   +12.7/t+1.15  n=222
HOLD-A  St4    +10.4/t+0.87  n=222
HOLD-A  St5    +10.8/t+0.86  n=222
HOLD-A  F30    +18.6/t+1.45  n=222
HOLD-A  F99    +14.1/t+1.04  n=222
HOLD-B  v2固3   +13.5/t+1.62  n=234
HOLD-B  St4    +16.0/t+1.82  n=234
HOLD-B  St5    +18.3/t+2.06  n=234
HOLD-B  F30    +15.7/t+1.58  n=234
HOLD-B  F99    +10.2/t+0.92  n=234
★六窗合并 RSP111×v2固3: alpha mean+9.4bp t+2.18 n=1750
★六窗合并 RSP111×St4: alpha mean+7.6bp t+1.58 n=1750
★六窗合并 RSP111×St5: alpha mean+9.0bp t+1.78 n=1750
★六窗合并 RSP111×F30: alpha mean+8.6bp t+1.61 n=1750
★六窗合并 RSP111×F99: alpha mean+5.7bp t+1.00 n=1750
